// Jest Snapshot v1, https://goo.gl/fbAQLP

exports[`renders correctly 1`] = `
.emotion-0 {
  margin-top: 20px;
  margin-bottom: 20px;
}

.emotion-0 {
  margin-top: 20px;
  margin-bottom: 20px;
}

<div
  className="emotion-0"
>
  <div
    className="nav nav-tabs nav-fill"
    onKeyDown={[Function]}
  >
    <div
      className="nav-item"
    >
      <a
        className="nav-link "
        href="/users"
        onClick={[Function]}
      >
        GitHub users
      </a>
    </div>
    <div
      className="nav-item"
    >
      <a
        className="nav-link "
        href="/search"
        onClick={[Function]}
      >
        Search for user
      </a>
    </div>
  </div>
</div>
`;
